2026-01-23 02:25:52 [error]: Error checking user existence
{
  "error": "\nInvalid `prisma.user.findFirst()` invocation:\n\n\nerror: Environment variable not found: DATABASE_URL.\n  -->  schema.prisma:13\n   | \n12 |   provider = \"postgresql\"\n13 |   url      = env(\"DATABASE_URL\")\n   | \n\nValidation Error Count: 1"
}
2026-01-23 02:25:52 [error]: HTTP Request
{
  "method": "POST",
  "url": "/api/auth/register",
  "status": 500,
  "duration": "29ms",
  "ip": "::1",
  "userAgent": "Mozilla/5.0 (Macintosh; Intel Mac OS X 10_15_7) AppleWebKit/537.36 (KHTML, like Gecko) Chrome/143.0.0.0 Safari/537.36"
}
2026-01-29 23:08:14 [error]: Error checking user existence
{
  "error": "\nInvalid `prisma.user.findFirst()` invocation:\n\n\nCan't reach database server at `localhost:8000`\n\nPlease make sure your database server is running at `localhost:8000`."
}
2026-01-29 23:08:14 [error]: HTTP Request
{
  "method": "POST",
  "url": "/api/auth/register",
  "status": 500,
  "duration": "226ms",
  "ip": "::1",
  "userAgent": "curl/8.5.0"
}
2026-01-29 23:49:38 [error]: Error checking user existence
{
  "error": "\nInvalid `prisma.user.findFirst()` invocation:\n\n\nCan't reach database server at `localhost:8000`\n\nPlease make sure your database server is running at `localhost:8000`."
}
2026-01-29 23:49:38 [error]: HTTP Request
{
  "method": "POST",
  "url": "/api/auth/register",
  "status": 500,
  "duration": "196ms",
  "ip": "::1",
  "userAgent": "Mozilla/5.0 (X11; Linux x86_64) AppleWebKit/537.36 (KHTML, like Gecko) Chrome/143.0.0.0 Safari/537.36"
}
2026-01-29 23:49:53 [error]: Error checking user existence
{
  "error": "\nInvalid `prisma.user.findFirst()` invocation:\n\n\nCan't reach database server at `localhost:8000`\n\nPlease make sure your database server is running at `localhost:8000`."
}
2026-01-29 23:49:53 [error]: HTTP Request
{
  "method": "POST",
  "url": "/api/auth/register",
  "status": 500,
  "duration": "126ms",
  "ip": "::1",
  "userAgent": "Mozilla/5.0 (X11; Linux x86_64) AppleWebKit/537.36 (KHTML, like Gecko) Chrome/143.0.0.0 Safari/537.36"
}
2026-01-29 23:54:12 [error]: HTTP Request
{
  "method": "GET",
  "url": "/api/threads/feed?limit=10",
  "status": 500,
  "duration": "9ms",
  "ip": "::1",
  "userAgent": "Mozilla/5.0 (X11; Linux x86_64) AppleWebKit/537.36 (KHTML, like Gecko) Chrome/143.0.0.0 Safari/537.36"
}
2026-01-29 23:54:13 [error]: HTTP Request
{
  "method": "GET",
  "url": "/api/threads/feed?limit=10",
  "status": 500,
  "duration": "5ms",
  "ip": "::1",
  "userAgent": "Mozilla/5.0 (X11; Linux x86_64) AppleWebKit/537.36 (KHTML, like Gecko) Chrome/143.0.0.0 Safari/537.36"
}
2026-01-29 23:54:15 [error]: HTTP Request
{
  "method": "GET",
  "url": "/api/threads/feed?limit=10",
  "status": 500,
  "duration": "9ms",
  "ip": "::1",
  "userAgent": "Mozilla/5.0 (X11; Linux x86_64) AppleWebKit/537.36 (KHTML, like Gecko) Chrome/143.0.0.0 Safari/537.36"
}
2026-01-29 23:54:19 [error]: HTTP Request
{
  "method": "GET",
  "url": "/api/threads/feed?limit=10",
  "status": 500,
  "duration": "4ms",
  "ip": "::1",
  "userAgent": "Mozilla/5.0 (X11; Linux x86_64) AppleWebKit/537.36 (KHTML, like Gecko) Chrome/143.0.0.0 Safari/537.36"
}
2026-01-29 23:54:24 [error]: HTTP Request
{
  "method": "GET",
  "url": "/api/user/",
  "status": 500,
  "duration": "20ms",
  "ip": "::1",
  "userAgent": "Mozilla/5.0 (X11; Linux x86_64) AppleWebKit/537.36 (KHTML, like Gecko) Chrome/143.0.0.0 Safari/537.36"
}
2026-01-29 23:54:37 [error]: HTTP Request
{
  "method": "GET",
  "url": "/api/threads/feed?limit=10",
  "status": 500,
  "duration": "5ms",
  "ip": "::1",
  "userAgent": "Mozilla/5.0 (X11; Linux x86_64) AppleWebKit/537.36 (KHTML, like Gecko) Chrome/143.0.0.0 Safari/537.36"
}
2026-01-29 23:54:38 [error]: HTTP Request
{
  "method": "GET",
  "url": "/api/threads/feed?limit=10",
  "status": 500,
  "duration": "7ms",
  "ip": "::1",
  "userAgent": "Mozilla/5.0 (X11; Linux x86_64) AppleWebKit/537.36 (KHTML, like Gecko) Chrome/143.0.0.0 Safari/537.36"
}
2026-01-29 23:54:40 [error]: HTTP Request
{
  "method": "GET",
  "url": "/api/threads/feed?limit=10",
  "status": 500,
  "duration": "7ms",
  "ip": "::1",
  "userAgent": "Mozilla/5.0 (X11; Linux x86_64) AppleWebKit/537.36 (KHTML, like Gecko) Chrome/143.0.0.0 Safari/537.36"
}
2026-01-29 23:56:01 [error]: HTTP Request
{
  "method": "GET",
  "url": "/api/user/",
  "status": 500,
  "duration": "11ms",
  "ip": "::1",
  "userAgent": "Mozilla/5.0 (X11; Linux x86_64) AppleWebKit/537.36 (KHTML, like Gecko) Chrome/143.0.0.0 Safari/537.36"
}
2026-01-29 23:56:22 [error]: HTTP Request
{
  "method": "GET",
  "url": "/api/threads/feed?limit=10",
  "status": 500,
  "duration": "6ms",
  "ip": "::1",
  "userAgent": "Mozilla/5.0 (X11; Linux x86_64) AppleWebKit/537.36 (KHTML, like Gecko) Chrome/143.0.0.0 Safari/537.36"
}
2026-01-29 23:56:23 [error]: HTTP Request
{
  "method": "GET",
  "url": "/api/threads/feed?limit=10",
  "status": 500,
  "duration": "5ms",
  "ip": "::1",
  "userAgent": "Mozilla/5.0 (X11; Linux x86_64) AppleWebKit/537.36 (KHTML, like Gecko) Chrome/143.0.0.0 Safari/537.36"
}
2026-01-29 23:56:25 [error]: HTTP Request
{
  "method": "GET",
  "url": "/api/threads/feed?limit=10",
  "status": 500,
  "duration": "7ms",
  "ip": "::1",
  "userAgent": "Mozilla/5.0 (X11; Linux x86_64) AppleWebKit/537.36 (KHTML, like Gecko) Chrome/143.0.0.0 Safari/537.36"
}
2026-01-29 23:56:29 [error]: HTTP Request
{
  "method": "GET",
  "url": "/api/threads/feed?limit=10",
  "status": 500,
  "duration": "8ms",
  "ip": "::1",
  "userAgent": "Mozilla/5.0 (X11; Linux x86_64) AppleWebKit/537.36 (KHTML, like Gecko) Chrome/143.0.0.0 Safari/537.36"
}
2026-01-30 00:01:58 [error]: HTTP Request
{
  "method": "GET",
  "url": "/api/threads/feed?limit=10",
  "status": 500,
  "duration": "7ms",
  "ip": "::1",
  "userAgent": "Mozilla/5.0 (X11; Linux x86_64) AppleWebKit/537.36 (KHTML, like Gecko) Chrome/143.0.0.0 Safari/537.36"
}
2026-01-30 00:01:59 [error]: HTTP Request
{
  "method": "GET",
  "url": "/api/threads/feed?limit=10",
  "status": 500,
  "duration": "4ms",
  "ip": "::1",
  "userAgent": "Mozilla/5.0 (X11; Linux x86_64) AppleWebKit/537.36 (KHTML, like Gecko) Chrome/143.0.0.0 Safari/537.36"
}
2026-01-30 00:02:01 [error]: HTTP Request
{
  "method": "GET",
  "url": "/api/threads/feed?limit=10",
  "status": 500,
  "duration": "5ms",
  "ip": "::1",
  "userAgent": "Mozilla/5.0 (X11; Linux x86_64) AppleWebKit/537.36 (KHTML, like Gecko) Chrome/143.0.0.0 Safari/537.36"
}
2026-01-30 00:02:05 [error]: HTTP Request
{
  "method": "GET",
  "url": "/api/threads/feed?limit=10",
  "status": 500,
  "duration": "2ms",
  "ip": "::1",
  "userAgent": "Mozilla/5.0 (X11; Linux x86_64) AppleWebKit/537.36 (KHTML, like Gecko) Chrome/143.0.0.0 Safari/537.36"
}
2026-01-30 00:03:12 [error]: HTTP Request
{
  "method": "GET",
  "url": "/api/threads/feed?limit=10",
  "status": 500,
  "duration": "6ms",
  "ip": "::1",
  "userAgent": "Mozilla/5.0 (X11; Linux x86_64) AppleWebKit/537.36 (KHTML, like Gecko) Chrome/143.0.0.0 Safari/537.36"
}
2026-01-30 00:03:13 [error]: HTTP Request
{
  "method": "GET",
  "url": "/api/threads/feed?limit=10",
  "status": 500,
  "duration": "5ms",
  "ip": "::1",
  "userAgent": "Mozilla/5.0 (X11; Linux x86_64) AppleWebKit/537.36 (KHTML, like Gecko) Chrome/143.0.0.0 Safari/537.36"
}
2026-01-30 00:04:21 [error]: HTTP Request
{
  "method": "GET",
  "url": "/api/user/",
  "status": 500,
  "duration": "23ms",
  "ip": "::1",
  "userAgent": "Mozilla/5.0 (X11; Linux x86_64) AppleWebKit/537.36 (KHTML, like Gecko) Chrome/143.0.0.0 Safari/537.36"
}
2026-01-30 00:10:41 [error]: HTTP Request
{
  "method": "GET",
  "url": "/api/user/",
  "status": 500,
  "duration": "207ms",
  "ip": "::1",
  "userAgent": "Mozilla/5.0 (X11; Linux x86_64) AppleWebKit/537.36 (KHTML, like Gecko) Chrome/143.0.0.0 Safari/537.36"
}
2026-01-30 00:10:51 [error]: Uncaught Exception: write EPIPE
Error: write EPIPE
    at afterWriteDispatched (node:internal/stream_base_commons:159:15)
    at writeGeneric (node:internal/stream_base_commons:150:3)
    at Socket._writeGeneric (node:net:957:11)
    at Socket._write (node:net:969:8)
    at writeOrBuffer (node:internal/streams/writable:572:12)
    at _write (node:internal/streams/writable:501:10)
    at Writable.write (node:internal/streams/writable:510:10)
    at Console.log (/home/maliki/Orbit/backend/node_modules/winston/lib/winston/transports/console.js:87:23)
    at Console._write (/home/maliki/Orbit/backend/node_modules/winston-transport/modern.js:103:17)
    at doWrite (/home/maliki/Orbit/backend/node_modules/readable-stream/lib/_stream_writable.js:390:139)
{
  "errno": -32,
  "code": "EPIPE",
  "syscall": "write"
}
2026-01-30 00:40:10 [error]: HTTP Request
{
  "method": "GET",
  "url": "/api/notifications",
  "status": 500,
  "duration": "8ms",
  "ip": "::1",
  "userAgent": "Mozilla/5.0 (X11; Linux x86_64) AppleWebKit/537.36 (KHTML, like Gecko) Chrome/143.0.0.0 Safari/537.36"
}
2026-01-30 00:40:11 [error]: HTTP Request
{
  "method": "GET",
  "url": "/api/notifications",
  "status": 500,
  "duration": "8ms",
  "ip": "::1",
  "userAgent": "Mozilla/5.0 (X11; Linux x86_64) AppleWebKit/537.36 (KHTML, like Gecko) Chrome/143.0.0.0 Safari/537.36"
}
2026-01-30 00:40:19 [error]: HTTP Request
{
  "method": "GET",
  "url": "/api/notifications",
  "status": 500,
  "duration": "2ms",
  "ip": "::1",
  "userAgent": "Mozilla/5.0 (X11; Linux x86_64) AppleWebKit/537.36 (KHTML, like Gecko) Chrome/143.0.0.0 Safari/537.36"
}
2026-01-30 00:40:20 [error]: HTTP Request
{
  "method": "GET",
  "url": "/api/notifications",
  "status": 500,
  "duration": "9ms",
  "ip": "::1",
  "userAgent": "Mozilla/5.0 (X11; Linux x86_64) AppleWebKit/537.36 (KHTML, like Gecko) Chrome/143.0.0.0 Safari/537.36"
}
2026-01-30 00:40:22 [error]: HTTP Request
{
  "method": "GET",
  "url": "/api/notifications",
  "status": 500,
  "duration": "4ms",
  "ip": "::1",
  "userAgent": "Mozilla/5.0 (X11; Linux x86_64) AppleWebKit/537.36 (KHTML, like Gecko) Chrome/143.0.0.0 Safari/537.36"
}
2026-01-30 00:40:27 [error]: HTTP Request
{
  "method": "GET",
  "url": "/api/notifications",
  "status": 500,
  "duration": "8ms",
  "ip": "::1",
  "userAgent": "Mozilla/5.0 (X11; Linux x86_64) AppleWebKit/537.36 (KHTML, like Gecko) Chrome/143.0.0.0 Safari/537.36"
}
2026-01-30 00:41:22 [error]: HTTP Request
{
  "method": "GET",
  "url": "/api/notifications",
  "status": 500,
  "duration": "3ms",
  "ip": "::1",
  "userAgent": "Mozilla/5.0 (X11; Linux x86_64) AppleWebKit/537.36 (KHTML, like Gecko) Chrome/143.0.0.0 Safari/537.36"
}
2026-01-30 00:41:23 [error]: HTTP Request
{
  "method": "GET",
  "url": "/api/notifications",
  "status": 500,
  "duration": "4ms",
  "ip": "::1",
  "userAgent": "Mozilla/5.0 (X11; Linux x86_64) AppleWebKit/537.36 (KHTML, like Gecko) Chrome/143.0.0.0 Safari/537.36"
}
2026-01-30 00:41:25 [error]: HTTP Request
{
  "method": "GET",
  "url": "/api/notifications",
  "status": 500,
  "duration": "3ms",
  "ip": "::1",
  "userAgent": "Mozilla/5.0 (X11; Linux x86_64) AppleWebKit/537.36 (KHTML, like Gecko) Chrome/143.0.0.0 Safari/537.36"
}
2026-01-30 00:41:29 [error]: HTTP Request
{
  "method": "GET",
  "url": "/api/notifications",
  "status": 500,
  "duration": "5ms",
  "ip": "::1",
  "userAgent": "Mozilla/5.0 (X11; Linux x86_64) AppleWebKit/537.36 (KHTML, like Gecko) Chrome/143.0.0.0 Safari/537.36"
}
2026-01-30 00:43:25 [error]: HTTP Request
{
  "method": "GET",
  "url": "/api/notifications",
  "status": 500,
  "duration": "5ms",
  "ip": "::1",
  "userAgent": "Mozilla/5.0 (X11; Linux x86_64) AppleWebKit/537.36 (KHTML, like Gecko) Chrome/143.0.0.0 Safari/537.36"
}
2026-01-30 00:43:26 [error]: HTTP Request
{
  "method": "GET",
  "url": "/api/notifications",
  "status": 500,
  "duration": "4ms",
  "ip": "::1",
  "userAgent": "Mozilla/5.0 (X11; Linux x86_64) AppleWebKit/537.36 (KHTML, like Gecko) Chrome/143.0.0.0 Safari/537.36"
}
2026-01-30 00:43:28 [error]: HTTP Request
{
  "method": "GET",
  "url": "/api/notifications",
  "status": 500,
  "duration": "4ms",
  "ip": "::1",
  "userAgent": "Mozilla/5.0 (X11; Linux x86_64) AppleWebKit/537.36 (KHTML, like Gecko) Chrome/143.0.0.0 Safari/537.36"
}
2026-01-30 00:43:32 [error]: HTTP Request
{
  "method": "GET",
  "url": "/api/notifications",
  "status": 500,
  "duration": "9ms",
  "ip": "::1",
  "userAgent": "Mozilla/5.0 (X11; Linux x86_64) AppleWebKit/537.36 (KHTML, like Gecko) Chrome/143.0.0.0 Safari/537.36"
}
2026-01-30 00:43:58 [error]: HTTP Request
{
  "method": "GET",
  "url": "/api/notifications",
  "status": 500,
  "duration": "10ms",
  "ip": "::1",
  "userAgent": "Mozilla/5.0 (X11; Linux x86_64) AppleWebKit/537.36 (KHTML, like Gecko) Chrome/143.0.0.0 Safari/537.36"
}
2026-01-30 00:49:13 [error]: HTTP Request
{
  "method": "GET",
  "url": "/api/notifications",
  "status": 500,
  "duration": "5ms",
  "ip": "::1",
  "userAgent": "Mozilla/5.0 (X11; Linux x86_64) AppleWebKit/537.36 (KHTML, like Gecko) Chrome/143.0.0.0 Safari/537.36"
}
2026-01-30 00:49:15 [error]: HTTP Request
{
  "method": "GET",
  "url": "/api/notifications",
  "status": 500,
  "duration": "10ms",
  "ip": "::1",
  "userAgent": "Mozilla/5.0 (X11; Linux x86_64) AppleWebKit/537.36 (KHTML, like Gecko) Chrome/143.0.0.0 Safari/537.36"
}
2026-01-30 00:50:35 [error]: HTTP Request
{
  "method": "GET",
  "url": "/api/notifications",
  "status": 500,
  "duration": "4ms",
  "ip": "::1",
  "userAgent": "Mozilla/5.0 (X11; Linux x86_64) AppleWebKit/537.36 (KHTML, like Gecko) Chrome/143.0.0.0 Safari/537.36"
}
2026-01-30 00:50:36 [error]: HTTP Request
{
  "method": "GET",
  "url": "/api/notifications",
  "status": 500,
  "duration": "4ms",
  "ip": "::1",
  "userAgent": "Mozilla/5.0 (X11; Linux x86_64) AppleWebKit/537.36 (KHTML, like Gecko) Chrome/143.0.0.0 Safari/537.36"
}
2026-01-30 00:50:37 [error]: HTTP Request
{
  "method": "GET",
  "url": "/api/threads/search?q=dasd&limit=50",
  "status": 500,
  "duration": "6ms",
  "ip": "::1",
  "userAgent": "Mozilla/5.0 (X11; Linux x86_64) AppleWebKit/537.36 (KHTML, like Gecko) Chrome/143.0.0.0 Safari/537.36"
}
2026-01-30 00:50:38 [error]: HTTP Request
{
  "method": "GET",
  "url": "/api/notifications",
  "status": 500,
  "duration": "4ms",
  "ip": "::1",
  "userAgent": "Mozilla/5.0 (X11; Linux x86_64) AppleWebKit/537.36 (KHTML, like Gecko) Chrome/143.0.0.0 Safari/537.36"
}
2026-01-30 00:50:52 [error]: HTTP Request
{
  "method": "GET",
  "url": "/api/notifications",
  "status": 500,
  "duration": "3ms",
  "ip": "::1",
  "userAgent": "Mozilla/5.0 (X11; Linux x86_64) AppleWebKit/537.36 (KHTML, like Gecko) Chrome/143.0.0.0 Safari/537.36"
}
2026-01-30 00:50:53 [error]: HTTP Request
{
  "method": "GET",
  "url": "/api/notifications",
  "status": 500,
  "duration": "6ms",
  "ip": "::1",
  "userAgent": "Mozilla/5.0 (X11; Linux x86_64) AppleWebKit/537.36 (KHTML, like Gecko) Chrome/143.0.0.0 Safari/537.36"
}
2026-01-30 00:50:55 [error]: HTTP Request
{
  "method": "GET",
  "url": "/api/notifications",
  "status": 500,
  "duration": "10ms",
  "ip": "::1",
  "userAgent": "Mozilla/5.0 (X11; Linux x86_64) AppleWebKit/537.36 (KHTML, like Gecko) Chrome/143.0.0.0 Safari/537.36"
}
2026-01-30 00:50:59 [error]: HTTP Request
{
  "method": "GET",
  "url": "/api/notifications",
  "status": 500,
  "duration": "10ms",
  "ip": "::1",
  "userAgent": "Mozilla/5.0 (X11; Linux x86_64) AppleWebKit/537.36 (KHTML, like Gecko) Chrome/143.0.0.0 Safari/537.36"
}
2026-01-30 00:55:08 [error]: HTTP Request
{
  "method": "GET",
  "url": "/api/notifications",
  "status": 500,
  "duration": "31ms",
  "ip": "::1",
  "userAgent": "Mozilla/5.0 (X11; Linux x86_64) AppleWebKit/537.36 (KHTML, like Gecko) Chrome/143.0.0.0 Safari/537.36"
}
2026-01-30 00:55:09 [error]: HTTP Request
{
  "method": "GET",
  "url": "/api/notifications",
  "status": 500,
  "duration": "6ms",
  "ip": "::1",
  "userAgent": "Mozilla/5.0 (X11; Linux x86_64) AppleWebKit/537.36 (KHTML, like Gecko) Chrome/143.0.0.0 Safari/537.36"
}
2026-01-30 00:55:11 [error]: HTTP Request
{
  "method": "GET",
  "url": "/api/notifications",
  "status": 500,
  "duration": "6ms",
  "ip": "::1",
  "userAgent": "Mozilla/5.0 (X11; Linux x86_64) AppleWebKit/537.36 (KHTML, like Gecko) Chrome/143.0.0.0 Safari/537.36"
}
2026-01-30 00:55:12 [error]: HTTP Request
{
  "method": "GET",
  "url": "/api/notifications",
  "status": 500,
  "duration": "4ms",
  "ip": "::1",
  "userAgent": "Mozilla/5.0 (X11; Linux x86_64) AppleWebKit/537.36 (KHTML, like Gecko) Chrome/143.0.0.0 Safari/537.36"
}
2026-01-30 00:55:14 [error]: HTTP Request
{
  "method": "GET",
  "url": "/api/notifications",
  "status": 500,
  "duration": "4ms",
  "ip": "::1",
  "userAgent": "Mozilla/5.0 (X11; Linux x86_64) AppleWebKit/537.36 (KHTML, like Gecko) Chrome/143.0.0.0 Safari/537.36"
}
2026-01-30 00:55:18 [error]: HTTP Request
{
  "method": "GET",
  "url": "/api/notifications",
  "status": 500,
  "duration": "22ms",
  "ip": "::1",
  "userAgent": "Mozilla/5.0 (X11; Linux x86_64) AppleWebKit/537.36 (KHTML, like Gecko) Chrome/143.0.0.0 Safari/537.36"
}
2026-01-30 21:12:53 [error]: HTTP Request
{
  "method": "POST",
  "url": "/api/auth/login",
  "status": 500,
  "duration": "103ms",
  "ip": "::1",
  "userAgent": "Mozilla/5.0 (X11; Linux x86_64) AppleWebKit/537.36 (KHTML, like Gecko) Chrome/144.0.0.0 Safari/537.36"
}
2026-02-01 00:44:16 [error]: HTTP Request
{
  "method": "POST",
  "url": "/api/auth/login",
  "status": 500,
  "duration": "115ms",
  "ip": "::1",
  "userAgent": "Mozilla/5.0 (X11; Linux x86_64) AppleWebKit/537.36 (KHTML, like Gecko) Chrome/144.0.0.0 Safari/537.36"
}
2026-02-01 01:42:59 [error]: HTTP Request
{
  "method": "GET",
  "url": "/api/threads/23",
  "status": 500,
  "duration": "36ms",
  "ip": "::1",
  "userAgent": "Mozilla/5.0 (X11; Linux x86_64) AppleWebKit/537.36 (KHTML, like Gecko) Chrome/144.0.0.0 Safari/537.36"
}
2026-02-01 01:43:00 [error]: HTTP Request
{
  "method": "GET",
  "url": "/api/threads/23",
  "status": 500,
  "duration": "23ms",
  "ip": "::1",
  "userAgent": "Mozilla/5.0 (X11; Linux x86_64) AppleWebKit/537.36 (KHTML, like Gecko) Chrome/144.0.0.0 Safari/537.36"
}
2026-02-01 01:43:02 [error]: HTTP Request
{
  "method": "GET",
  "url": "/api/threads/23",
  "status": 500,
  "duration": "7ms",
  "ip": "::1",
  "userAgent": "Mozilla/5.0 (X11; Linux x86_64) AppleWebKit/537.36 (KHTML, like Gecko) Chrome/144.0.0.0 Safari/537.36"
}
2026-02-01 01:43:06 [error]: HTTP Request
{
  "method": "GET",
  "url": "/api/threads/23",
  "status": 500,
  "duration": "11ms",
  "ip": "::1",
  "userAgent": "Mozilla/5.0 (X11; Linux x86_64) AppleWebKit/537.36 (KHTML, like Gecko) Chrome/144.0.0.0 Safari/537.36"
}
2026-02-01 01:44:37 [error]: HTTP Request
{
  "method": "GET",
  "url": "/api/threads/22",
  "status": 500,
  "duration": "22ms",
  "ip": "::1",
  "userAgent": "Mozilla/5.0 (X11; Linux x86_64) AppleWebKit/537.36 (KHTML, like Gecko) Chrome/144.0.0.0 Safari/537.36"
}
2026-02-01 01:44:38 [error]: HTTP Request
{
  "method": "GET",
  "url": "/api/threads/22",
  "status": 500,
  "duration": "13ms",
  "ip": "::1",
  "userAgent": "Mozilla/5.0 (X11; Linux x86_64) AppleWebKit/537.36 (KHTML, like Gecko) Chrome/144.0.0.0 Safari/537.36"
}
2026-02-01 01:44:41 [error]: HTTP Request
{
  "method": "GET",
  "url": "/api/threads/22",
  "status": 500,
  "duration": "8ms",
  "ip": "::1",
  "userAgent": "Mozilla/5.0 (X11; Linux x86_64) AppleWebKit/537.36 (KHTML, like Gecko) Chrome/144.0.0.0 Safari/537.36"
}
2026-02-01 01:44:45 [error]: HTTP Request
{
  "method": "GET",
  "url": "/api/threads/22",
  "status": 500,
  "duration": "10ms",
  "ip": "::1",
  "userAgent": "Mozilla/5.0 (X11; Linux x86_64) AppleWebKit/537.36 (KHTML, like Gecko) Chrome/144.0.0.0 Safari/537.36"
}
2026-02-01 01:47:42 [error]: HTTP Request
{
  "method": "GET",
  "url": "/api/threads/23",
  "status": 500,
  "duration": "17ms",
  "ip": "::1",
  "userAgent": "Mozilla/5.0 (X11; Linux x86_64) AppleWebKit/537.36 (KHTML, like Gecko) Chrome/144.0.0.0 Safari/537.36"
}
2026-02-01 01:48:49 [error]: HTTP Request
{
  "method": "GET",
  "url": "/api/threads/23",
  "status": 500,
  "duration": "13ms",
  "ip": "::1",
  "userAgent": "Mozilla/5.0 (X11; Linux x86_64) AppleWebKit/537.36 (KHTML, like Gecko) Chrome/144.0.0.0 Safari/537.36"
}
2026-02-01 01:53:57 [error]: HTTP Request
{
  "method": "GET",
  "url": "/api/threads/22",
  "status": 500,
  "duration": "17ms",
  "ip": "::1",
  "userAgent": "Mozilla/5.0 (X11; Linux x86_64) AppleWebKit/537.36 (KHTML, like Gecko) Chrome/144.0.0.0 Safari/537.36"
}
2026-02-01 01:54:40 [error]: HTTP Request
{
  "method": "GET",
  "url": "/api/threads/23",
  "status": 500,
  "duration": "10ms",
  "ip": "::1",
  "userAgent": "Mozilla/5.0 (X11; Linux x86_64) AppleWebKit/537.36 (KHTML, like Gecko) Chrome/144.0.0.0 Safari/537.36"
}
2026-02-01 18:40:10 [error]: HTTP Request
{
  "method": "POST",
  "url": "/api/auth/login",
  "status": 500,
  "duration": "115ms",
  "ip": "::1",
  "userAgent": "Mozilla/5.0 (X11; Linux x86_64) AppleWebKit/537.36 (KHTML, like Gecko) Chrome/144.0.0.0 Safari/537.36"
}
2026-02-01 18:41:22 [error]: HTTP Request
{
  "method": "GET",
  "url": "/api/threads/23",
  "status": 500,
  "duration": "11ms",
  "ip": "::1",
  "userAgent": "Mozilla/5.0 (X11; Linux x86_64) AppleWebKit/537.36 (KHTML, like Gecko) Chrome/144.0.0.0 Safari/537.36"
}
2026-02-01 18:59:02 [error]: HTTP Request
{
  "method": "GET",
  "url": "/api/threads/22",
  "status": 500,
  "duration": "11ms",
  "ip": "::1",
  "userAgent": "Mozilla/5.0 (X11; Linux x86_64) AppleWebKit/537.36 (KHTML, like Gecko) Chrome/144.0.0.0 Safari/537.36"
}
2026-02-02 12:39:49 [error]: HTTP Request
{
  "method": "POST",
  "url": "/api/auth/login",
  "status": 500,
  "duration": "103ms",
  "ip": "::1",
  "userAgent": "Mozilla/5.0 (X11; Linux x86_64) AppleWebKit/537.36 (KHTML, like Gecko) Chrome/144.0.0.0 Safari/537.36"
}
2026-02-03 14:26:29 [error]: HTTP Request
{
  "method": "POST",
  "url": "/api/user/follow/6",
  "status": 500,
  "duration": "214ms",
  "ip": "::1",
  "userAgent": "Mozilla/5.0 (Linux; Android 13; SM-G981B) AppleWebKit/537.36 (KHTML, like Gecko) Chrome/144.0.0.0 Mobile Safari/537.36"
}
2026-02-03 14:26:39 [error]: HTTP Request
{
  "method": "POST",
  "url": "/api/user/follow/6",
  "status": 500,
  "duration": "15ms",
  "ip": "::1",
  "userAgent": "Mozilla/5.0 (X11; Linux x86_64) AppleWebKit/537.36 (KHTML, like Gecko) Chrome/144.0.0.0 Safari/537.36"
}
