2026-01-30 00:10:51 [error]: uncaughtException: write EPIPE
Error: write EPIPE
    at afterWriteDispatched (node:internal/stream_base_commons:159:15)
    at writeGeneric (node:internal/stream_base_commons:150:3)
    at Socket._writeGeneric (node:net:957:11)
    at Socket._write (node:net:969:8)
    at writeOrBuffer (node:internal/streams/writable:572:12)
    at _write (node:internal/streams/writable:501:10)
    at Writable.write (node:internal/streams/writable:510:10)
    at Console.log (/home/maliki/Orbit/backend/node_modules/winston/lib/winston/transports/console.js:87:23)
    at Console._write (/home/maliki/Orbit/backend/node_modules/winston-transport/modern.js:103:17)
    at doWrite (/home/maliki/Orbit/backend/node_modules/readable-stream/lib/_stream_writable.js:390:139)
Error: write EPIPE
    at afterWriteDispatched (node:internal/stream_base_commons:159:15)
    at writeGeneric (node:internal/stream_base_commons:150:3)
    at Socket._writeGeneric (node:net:957:11)
    at Socket._write (node:net:969:8)
    at writeOrBuffer (node:internal/streams/writable:572:12)
    at _write (node:internal/streams/writable:501:10)
    at Writable.write (node:internal/streams/writable:510:10)
    at Console.log (/home/maliki/Orbit/backend/node_modules/winston/lib/winston/transports/console.js:87:23)
    at Console._write (/home/maliki/Orbit/backend/node_modules/winston-transport/modern.js:103:17)
    at doWrite (/home/maliki/Orbit/backend/node_modules/readable-stream/lib/_stream_writable.js:390:139)
{
  "error": {
    "errno": -32,
    "code": "EPIPE",
    "syscall": "write"
  },
  "exception": true,
  "date": "Fri Jan 30 2026 00:10:51 GMT+0100 (GMT+01:00)",
  "process": {
    "pid": 47571,
    "uid": 1000,
    "gid": 1000,
    "cwd": "/home/maliki/Orbit/backend",
    "execPath": "/home/maliki/.nvm/versions/node/v22.11.0/bin/node",
    "version": "v22.11.0",
    "argv": [
      "/home/maliki/.nvm/versions/node/v22.11.0/bin/node",
      "/home/maliki/Orbit/backend/index.js"
    ],
    "memoryUsage": {
      "rss": 101052416,
      "heapTotal": 20021248,
      "heapUsed": 17511056,
      "external": 2261419,
      "arrayBuffers": 16795
    }
  },
  "os": {
    "loadavg": [
      4.71,
      4.9,
      4.72
    ],
    "uptime": 22510.9
  },
  "trace": [
    {
      "column": 15,
      "file": "node:internal/stream_base_commons",
      "function": "afterWriteDispatched",
      "line": 159,
      "method": null,
      "native": false
    },
    {
      "column": 3,
      "file": "node:internal/stream_base_commons",
      "function": "writeGeneric",
      "line": 150,
      "method": null,
      "native": false
    },
    {
      "column": 11,
      "file": "node:net",
      "function": "Socket._writeGeneric",
      "line": 957,
      "method": "_writeGeneric",
      "native": false
    },
    {
      "column": 8,
      "file": "node:net",
      "function": "Socket._write",
      "line": 969,
      "method": "_write",
      "native": false
    },
    {
      "column": 12,
      "file": "node:internal/streams/writable",
      "function": "writeOrBuffer",
      "line": 572,
      "method": null,
      "native": false
    },
    {
      "column": 10,
      "file": "node:internal/streams/writable",
      "function": "_write",
      "line": 501,
      "method": null,
      "native": false
    },
    {
      "column": 10,
      "file": "node:internal/streams/writable",
      "function": "Writable.write",
      "line": 510,
      "method": "write",
      "native": false
    },
    {
      "column": 23,
      "file": "/home/maliki/Orbit/backend/node_modules/winston/lib/winston/transports/console.js",
      "function": "Console.log",
      "line": 87,
      "method": "log",
      "native": false
    },
    {
      "column": 17,
      "file": "/home/maliki/Orbit/backend/node_modules/winston-transport/modern.js",
      "function": "Console._write",
      "line": 103,
      "method": "_write",
      "native": false
    },
    {
      "column": 139,
      "file": "/home/maliki/Orbit/backend/node_modules/readable-stream/lib/_stream_writable.js",
      "function": "doWrite",
      "line": 390,
      "method": null,
      "native": false
    }
  ]
}
2026-02-03 16:18:10 [error]: uncaughtException: router is not defined
ReferenceError: router is not defined
    at file:///home/maliki/Orbit/backend/routes/threads.routes.js:26:1
    at ModuleJob.run (node:internal/modules/esm/module_job:268:25)
    at async onImport.tracePromise.__proto__ (node:internal/modules/esm/loader:543:26)
    at async asyncRunEntryPointWithESMLoader (node:internal/modules/run_main:116:5)
ReferenceError: router is not defined
    at file:///home/maliki/Orbit/backend/routes/threads.routes.js:26:1
    at ModuleJob.run (node:internal/modules/esm/module_job:268:25)
    at async onImport.tracePromise.__proto__ (node:internal/modules/esm/loader:543:26)
    at async asyncRunEntryPointWithESMLoader (node:internal/modules/run_main:116:5)
{
  "error": {},
  "exception": true,
  "date": "Tue Feb 03 2026 16:18:10 GMT+0100 (GMT+01:00)",
  "process": {
    "pid": 30362,
    "uid": 1000,
    "gid": 1000,
    "cwd": "/home/maliki/Orbit/backend",
    "execPath": "/home/maliki/.nvm/versions/node/v22.11.0/bin/node",
    "version": "v22.11.0",
    "argv": [
      "/home/maliki/.nvm/versions/node/v22.11.0/bin/node",
      "/home/maliki/Orbit/backend/index.js"
    ],
    "memoryUsage": {
      "rss": 93356032,
      "heapTotal": 34213888,
      "heapUsed": 17783344,
      "external": 2296548,
      "arrayBuffers": 16995
    }
  },
  "os": {
    "loadavg": [
      3.2,
      2.66,
      2.76
    ],
    "uptime": 9472.31
  },
  "trace": [
    {
      "column": 1,
      "file": "file:///home/maliki/Orbit/backend/routes/threads.routes.js",
      "function": null,
      "line": 26,
      "method": null,
      "native": false
    },
    {
      "column": 25,
      "file": "node:internal/modules/esm/module_job",
      "function": "ModuleJob.run",
      "line": 268,
      "method": "run",
      "native": false
    },
    {
      "column": 26,
      "file": "node:internal/modules/esm/loader",
      "function": "async onImport.tracePromise.__proto__",
      "line": 543,
      "method": "__proto__",
      "native": false
    },
    {
      "column": 5,
      "file": "node:internal/modules/run_main",
      "function": "async asyncRunEntryPointWithESMLoader",
      "line": 116,
      "method": null,
      "native": false
    }
  ]
}
2026-02-03 16:20:17 [error]: uncaughtException: router is not defined
ReferenceError: router is not defined
    at file:///home/maliki/Orbit/backend/routes/threads.routes.js:26:1
    at ModuleJob.run (node:internal/modules/esm/module_job:268:25)
    at async onImport.tracePromise.__proto__ (node:internal/modules/esm/loader:543:26)
    at async asyncRunEntryPointWithESMLoader (node:internal/modules/run_main:116:5)
ReferenceError: router is not defined
    at file:///home/maliki/Orbit/backend/routes/threads.routes.js:26:1
    at ModuleJob.run (node:internal/modules/esm/module_job:268:25)
    at async onImport.tracePromise.__proto__ (node:internal/modules/esm/loader:543:26)
    at async asyncRunEntryPointWithESMLoader (node:internal/modules/run_main:116:5)
{
  "error": {},
  "exception": true,
  "date": "Tue Feb 03 2026 16:20:17 GMT+0100 (GMT+01:00)",
  "process": {
    "pid": 30744,
    "uid": 1000,
    "gid": 1000,
    "cwd": "/home/maliki/Orbit/backend",
    "execPath": "/home/maliki/.nvm/versions/node/v22.11.0/bin/node",
    "version": "v22.11.0",
    "argv": [
      "/home/maliki/.nvm/versions/node/v22.11.0/bin/node",
      "/home/maliki/Orbit/backend/index.js"
    ],
    "memoryUsage": {
      "rss": 88477696,
      "heapTotal": 34476032,
      "heapUsed": 17949760,
      "external": 2299342,
      "arrayBuffers": 16995
    }
  },
  "os": {
    "loadavg": [
      2.21,
      2.51,
      2.7
    ],
    "uptime": 9599.46
  },
  "trace": [
    {
      "column": 1,
      "file": "file:///home/maliki/Orbit/backend/routes/threads.routes.js",
      "function": null,
      "line": 26,
      "method": null,
      "native": false
    },
    {
      "column": 25,
      "file": "node:internal/modules/esm/module_job",
      "function": "ModuleJob.run",
      "line": 268,
      "method": "run",
      "native": false
    },
    {
      "column": 26,
      "file": "node:internal/modules/esm/loader",
      "function": "async onImport.tracePromise.__proto__",
      "line": 543,
      "method": "__proto__",
      "native": false
    },
    {
      "column": 5,
      "file": "node:internal/modules/run_main",
      "function": "async asyncRunEntryPointWithESMLoader",
      "line": 116,
      "method": null,
      "native": false
    }
  ]
}
